
ExplicitForAllFams4a.hs:7:12: error:
    • Type variable ‘b’ is bound by a forall,
        but not bound on the LHS of the family instance
    • In the type family declaration for ‘H’

ExplicitForAllFams4a.hs:8:10: error:
    • Type variable ‘b’ is bound by a forall,
        but not bound on the LHS of the family instance
    • In the type family declaration for ‘H’
