
T7536.hs:8:15: error:
    • LHS of family instance fails to bind type variable ‘a’
        The real LHS (expanding synonyms) is: TF Int
    • In the type instance declaration for ‘TF’
